PrismaClientKnownRequestError: 
Invalid `prisma.sticker.findMany()` invocation:


Can't reach database server at 127.0.0.1:5433
    at zr.handleRequestError (D:\MERN\biodata\biodata2\.next\dev\server\chunks\src_generated_prisma_runtime_client_0gb82r9.js:7524:19)
    at zr.handleAndLogRequestError (D:\MERN\biodata\biodata2\.next\dev\server\chunks\src_generated_prisma_runtime_client_0gb82r9.js:7487:18)
    at zr.request (D:\MERN\biodata\biodata2\.next\dev\server\chunks\src_generated_prisma_runtime_client_0gb82r9.js:7468:18)
    at process.processTicksAndRejections (node:internal/process/task_queues:104:5)
    at async a (D:\MERN\biodata\biodata2\.next\dev\server\chunks\src_generated_prisma_runtime_client_0gb82r9.js:8167:25)
    at async GET (D:\MERN\biodata\biodata2\.next\dev\server\chunks\[root-of-the-server]__06.eo__._.js:64:26)
    at async AppRouteRouteModule.do (D:\MERN\biodata\biodata2\node_modules\next\dist\compiled\next-server\app-route-turbo.runtime.dev.js:5:40115)
    at async AppRouteRouteModule.handle (D:\MERN\biodata\biodata2\node_modules\next\dist\compiled\next-server\app-route-turbo.runtime.dev.js:5:47321)
    at async responseGenerator (D:\MERN\biodata\biodata2\.next\dev\server\chunks\node_modules_0qtmzow._.js:18459:38)
    at async AppRouteRouteModule.handleResponse (D:\MERN\biodata\biodata2\node_modules\next\dist\compiled\next-server\app-route-turbo.runtime.dev.js:1:227216)
    at async handleResponse (D:\MERN\biodata\biodata2\.next\dev\server\chunks\node_modules_0qtmzow._.js:18522:32)
    at async Module.handler (D:\MERN\biodata\biodata2\.next\dev\server\chunks\node_modules_0qtmzow._.js:18576:13)
    at async DevServer.renderToResponseWithComponentsImpl (D:\MERN\biodata\biodata2\node_modules\next\dist\server\base-server.js:1454:9)
    at async DevServer.renderPageComponent (D:\MERN\biodata\biodata2\node_modules\next\dist\server\base-server.js:1506:24)
    at async DevServer.renderToResponseImpl (D:\MERN\biodata\biodata2\node_modules\next\dist\server\base-server.js:1556:32)
    at async DevServer.pipeImpl (D:\MERN\biodata\biodata2\node_modules\next\dist\server\base-server.js:1043:25)
    at async NextNodeServer.handleCatchallRenderRequest (D:\MERN\biodata\biodata2\node_modules\next\dist\server\next-server.js:338:17)
    at async DevServer.handleRequestImpl (D:\MERN\biodata\biodata2\node_modules\next\dist\server\base-server.js:934:17)
    at async D:\MERN\biodata\biodata2\node_modules\next\dist\server\dev\next-dev-server.js:394:20
    at async Span.traceAsyncFn (D:\MERN\biodata\biodata2\node_modules\next\dist\trace\trace.js:164:20)
    at async DevServer.handleRequest (D:\MERN\biodata\biodata2\node_modules\next\dist\server\dev\next-dev-server.js:390:24)
    at async invokeRender (D:\MERN\biodata\biodata2\node_modules\next\dist\server\lib\router-server.js:266:21)
    at async handleRequest (D:\MERN\biodata\biodata2\node_modules\next\dist\server\lib\router-server.js:465:24)
    at async requestHandlerImpl (D:\MERN\biodata\biodata2\node_modules\next\dist\server\lib\router-server.js:514:13)
    at async Server.requestListener (D:\MERN\biodata\biodata2\node_modules\next\dist\server\lib\start-server.js:225:13)